Microchip MPLAB XC8 Compiler V2.46

Linker command line:

-W-3 \
  --edf=C:\Program Files\Microchip\xc8\v2.46\pic\dat\20240104201356_en.msgs \
  -cn -h+dist/default/production\blackbox.X.production.sym \
  --cmf=dist/default/production\blackbox.X.production.cmf -z -Q18F4580 \
  -oC:\Users\MAINUD~1\AppData\Local\Temp\xcBse3c.1\driver_tmp_3.o \
  --defsym=__MPLAB_BUILD=1 --fixupoverflow=error \
  -Mdist/default/production/blackbox.X.production.map \
  --md=C:\Users\MAINUD~1\AppData\Local\Temp\xcBse3c.1\driver_tmp_0.dat -E1 \
  -ver=XC8 Compiler --acfsm=1493 -ACODE=00h-03000h -ACONST=00h-03000h \
  -ASMALLCONST=0600h-06FFhx42,03000h-03000h -AMEDIUMCONST=0600h-03000h \
  -ACOMRAM=01h-05Fh -AABS1=00h-05FFh -ABIGRAM=01h-05FFh \
  -ARAM=060h-0FFh,0100h-01FFhx5 -ABANK0=060h-0FFh -ABANK1=0100h-01FFh \
  -ABANK2=0200h-02FFh -ABANK3=0300h-03FFh -ABANK4=0400h-04FFh \
  -ABANK5=0500h-05FFh -ASFR=0D00h-0DFFhx2,0F00h-0F5Fh,0F60h-0FFFh \
  -ABIGSFR=0D00h-0FFFh -ACONFIG=0300000h-030000Dh -AIDLOC=0200000h-0200007h \
  -AEEDATA=0F00000h-0F000FFh -peeprom_data=EEDATA \
  -preset_vec=00h,intcode=8h,intcodelo,powerup,init -pramtop=0600h \
  -psmallconst=SMALLCONST -pmediumconst=MEDIUMCONST -pconst=CONST \
  -AFARRAM=00h-00h \
  -prdata=COMRAM,nvrram=COMRAM,nvbit=COMRAM,rbss=COMRAM,rbit=COMRAM \
  -pfarbss=FARRAM,fardata=FARRAM,nvFARRAM=FARRAM \
  -pintsave_regs=BIGRAM,bigbss=BIGRAM,bigdata=BIGRAM -pbss=RAM \
  -pidata=CODE,irdata=CODE,ibigdata=CODE,ifardata=CODE -prparam=COMRAM \
  C:\Users\MAINUD~1\AppData\Local\Temp\xcBse3c.1\driver_tmp_9.o \
  dist/default/production\blackbox.X.production.o 

Object code version is 3.11

Machine type is 18F4580



                Name                               Link     Load   Length Selector   Space Scale
C:\Users\MAINUD~1\AppData\Local\Temp\xcBse3c.1\driver_tmp_9.o
                idloc                            200000   200000        8        0       5
                config                           300000   300000        E        0       4
                init                                  E        E        4        4       0
                reset_vec                             0        0        4        0       0
dist/default/production\blackbox.X.production.o
                intcode                               8        8        6        4       0
                idloc                            200000   200000        8        0       5
                config                           300000   300000        E        0       4
                temp                                 5E       5E        1        1       1
                mediumconst                        2EC4     2EC4      13C     1762       0
                intcode_body                       1DC2     1DC2       F2        4       0
                text47                             266A     266A       3A     12D5       0
                text46                             22AC     22AC       6C        4       0
                text45                             279E     279E       18     12D5       0
                text44                             23DA     23DA       5E        4       0
                text43                             26F8     26F8       2A     12D5       0
                text42                             27F4     27F4       12     12D5       0
                text41                             283E     283E        8     12D5       0
                text40                             2836     2836        8     12D5       0
                text39                             2812     2812        C     12D5       0
                text38                             262A     262A       40     12D5       0
                text37                              5DC      5DC      45A        4       0
                text36                             2438     2438       54        4       0
                text35                             2154     2154       74        4       0
                text34                             2318     2318       64        4       0
                text33                             284E     284E        6     1427       0
                text32                             282E     282E        8     12D5       0
                text31                             2806     2806        C     12D5       0
                text30                             2826     2826        8     12D5       0
                text29                             26CE     26CE       2A     12D5       0
                text28                             20D0     20D0       84        4       0
                text27                             25EA     25EA       40     12D5       0
                text26                             1EB4     1EB4       C4        4       0
                text25                             1F78     1F78       B0        4       0
                text24                             1CC0     1CC0      102        4       0
                text23                             1854     1854      25A        4       0
                text22                             2722     2722       26     12D5       0
                text21                             27E2     27E2       12     12D5       0
                text20                             27CC     27CC       16     12D5       0
                text19                             237C     237C       5E        4       0
                text18                             248C     248C       4C        4       0
                text17                             25AA     25AA       40     12D5       0
                text16                              A36      A36      428        4       0
                text15                             26A4     26A4       2A     12D5       0
                text14                             2766     2766       1E     12D5       0
                text13                             2028     2028       A8        4       0
                text12                             2748     2748       1E     12D5       0
                text11                             251E     251E       46        4       0
                text10                             27B6     27B6       16     12D5       0
                text9                              281E     281E        8     12D5       0
                text8                              2784     2784       1A     12D5       0
                text7                              24D8     24D8       46        4       0
                text6                               E5E      E5E      400        4       0
                text5                              125E     125E      35E        4       0
                text4                              1BBA     1BBA      106        4       0
                text3                              223A     223A       72        4       0
                text2                                12       12      5CA        4       0
                text1                              15BC     15BC      298        4       0
                text0                              1AAE     1AAE      10C        4       0
                cstackCOMRAM                         32       32       25        1       1
                cstackBANK1                         100      100       AE      100       1
                bssBANK1                            1AE      1AE        B      100       1
                dataBANK0                            60       60       45       60       1
                bssBANK0                             A5       A5       33       60       1
                dataCOMRAM                           57       57        7        1       1
                bssCOMRAM                             1        1       31        1       1
                cinit                              21C8     21C8       72        4       0
                idataBANK0                         2564     2564       45        4       0
                idataCOMRAM                        2846     2846        7     12D5       0

TOTAL           Name                               Link     Load   Length     Space
        CLASS   CODE           
                intcode                               8        8        6         0
                init                                  E        E        4         0
                reset_vec                             0        0        4         0
                intcode_body                       1DC2     1DC2       F2         0
                text47                             266A     266A       3A         0
                text46                             22AC     22AC       6C         0
                text45                             279E     279E       18         0
                text44                             23DA     23DA       5E         0
                text43                             26F8     26F8       2A         0
                text42                             27F4     27F4       12         0
                text41                             283E     283E        8         0
                text40                             2836     2836        8         0
                text39                             2812     2812        C         0
                text38                             262A     262A       40         0
                text37                              5DC      5DC      45A         0
                text36                             2438     2438       54         0
                text35                             2154     2154       74         0
                text34                             2318     2318       64         0
                text33                             284E     284E        6         0
                text32                             282E     282E        8         0
                text31                             2806     2806        C         0
                text30                             2826     2826        8         0
                text29                             26CE     26CE       2A         0
                text28                             20D0     20D0       84         0
                text27                             25EA     25EA       40         0
                text26                             1EB4     1EB4       C4         0
                text25                             1F78     1F78       B0         0
                text24                             1CC0     1CC0      102         0
                text23                             1854     1854      25A         0
                text22                             2722     2722       26         0
                text21                             27E2     27E2       12         0
                text20                             27CC     27CC       16         0
                text19                             237C     237C       5E         0
                text18                             248C     248C       4C         0
                text17                             25AA     25AA       40         0
                text16                              A36      A36      428         0
                text15                             26A4     26A4       2A         0
                text14                             2766     2766       1E         0
                text13                             2028     2028       A8         0
                text12                             2748     2748       1E         0
                text11                             251E     251E       46         0
                text10                             27B6     27B6       16         0
                text9                              281E     281E        8         0
                text8                              2784     2784       1A         0
                text7                              24D8     24D8       46         0
                text6                               E5E      E5E      400         0
                text5                              125E     125E      35E         0
                text4                              1BBA     1BBA      106         0
                text3                              223A     223A       72         0
                text2                                12       12      5CA         0
                text1                              15BC     15BC      298         0
                text0                              1AAE     1AAE      10C         0
                cinit                              21C8     21C8       72         0
                idataBANK0                         2564     2564       45         0
                idataCOMRAM                        2846     2846        7         0

        CLASS   CONST          

        CLASS   SMALLCONST     

        CLASS   MEDIUMCONST    
                mediumconst                        2EC4     2EC4      13C         0

        CLASS   COMRAM         
                temp                                 5E       5E        1         1
                cstackCOMRAM                         32       32       25         1
                dataCOMRAM                           57       57        7         1
                bssCOMRAM                             1        1       31         1

        CLASS   ABS1           

        CLASS   BIGRAM         

        CLASS   RAM            

        CLASS   BANK0          
                dataBANK0                            60       60       45         1
                bssBANK0                             A5       A5       33         1

        CLASS   BANK1          
                cstackBANK1                         100      100       AE         1
                bssBANK1                            1AE      1AE        B         1

        CLASS   BANK2          

        CLASS   BANK3          

        CLASS   BANK4          

        CLASS   BANK5          

        CLASS   SFR            

        CLASS   BIGSFR         

        CLASS   CONFIG         
                config                           300000   300000        E         4

        CLASS   IDLOC          
                idloc                            200000   200000        8         5

        CLASS   EEDATA         

        CLASS   FARRAM         

        CLASS   HEAP           

        CLASS   STACK          



SEGMENTS        Name                           Load    Length   Top    Selector   Space  Class

                reset_vec                      000000  000004  000004         0       0  CODE    
                bssCOMRAM                      000001  00005E  00005F         1       1  COMRAM  
                intcode                        000008  0025A1  0025A9         4       0  CODE    
                dataBANK0                      000060  000078  0000D8        60       1  BANK0   
                cstackBANK1                    000100  0000B9  0001B9       100       1  BANK1   
                text17                         0025AA  0002A3  00284D      12D5       0  CODE    
                text33                         00284E  000006  002854      1427       0  CODE    
                mediumconst                    002EC4  00013C  003000      1762       0  MEDIUMCO


UNUSED ADDRESS RANGES

        Name                Unused          Largest block    Delta
        BANK0            0000D8-0000FF               28
        BANK1            0001B9-0001FF               47
        BANK2            000200-0002FF              100
        BANK3            000300-0003FF              100
        BANK4            000400-0004FF              100
        BANK5            000500-0005FF              100
        BIGRAM           00005F-00005F                1
                         0000D8-0000FF               28
                         0001B9-0005FF              447
        BIGSFR           000D00-000FFF              300
        CODE             000004-000007                4
                         0025A9-0025A9                1
                         00284D-00284D                1
                         002854-002EC3              670
                         003000-003000                1
        COMRAM           00005F-00005F                1
        CONST            000004-000007                4
                         0025A9-0025A9                1
                         00284D-00284D                1
                         002854-002EC3              670
                         003000-003000                1
        EEDATA           F00000-F000FF              100
        MEDIUMCONST      0025A9-0025A9                1
                         00284D-00284D                1
                         002854-002EC3              670
                         003000-003000                1
        RAM              0000D8-0000FF               28
                         0001B9-0005FF              100
        SFR              000D00-000FFF              100
        SMALLCONST       0025A9-0025A9                1
                         00284D-00284D                1
                         002854-002EC3              100
                         003000-003000                1

                                  Symbol Table

?___awdiv                      cstackCOMRAM 000032
?___awmod                      cstackCOMRAM 00003A
?___lwdiv                      cstackCOMRAM 000038
?___lwmod                      cstackCOMRAM 000032
?___wmul                       cstackCOMRAM 000032
?_read_adc                     cstackCOMRAM 000032
?_strcmp                       cstackCOMRAM 000032
_ACKDT                         (abs)        007E2D
_ACKEN                         (abs)        007E2C
_ACKSTAT                       (abs)        007E2E
_ACQT0                         (abs)        007E03
_ACQT1                         (abs)        007E04
_ACQT2                         (abs)        007E05
_ADCON0                        (abs)        000FC2
_ADCS0                         (abs)        007E00
_ADCS1                         (abs)        007E01
_ADCS2                         (abs)        007E02
_ADFM                          (abs)        007E07
_ADON                          (abs)        007E10
_ADRESH                        (abs)        000FC4
_ADRESL                        (abs)        000FC3
_BCLIF                         (abs)        007D0B
_BRGH                          (abs)        007D62
_CKE                           (abs)        007E3E
_CREN                          (abs)        007D5C
_E_P_T                         dataBANK0    000080
_GIE                           (abs)        007F97
_GO                            (abs)        007E11
_PCFG0                         (abs)        007E08
_PCFG1                         (abs)        007E09
_PCFG2                         (abs)        007E0A
_PCFG3                         (abs)        007E0B
_PEIE                          (abs)        007F96
_PEN                           (abs)        007E2A
_PORTD                         (abs)        000F83
_PSA                           (abs)        007EAB
_RB1                           (abs)        007C09
_RB2                           (abs)        007C0A
_RB3                           (abs)        007C0B
_RB4                           (abs)        007C0C
_RB5                           (abs)        007C0D
_RB6                           (abs)        007C0E
_RB7                           (abs)        007C0F
_RBPU                          (abs)        007F8F
_RC0                           (abs)        007C10
_RC1                           (abs)        007C11
_RC2                           (abs)        007C12
_RCEN                          (abs)        007E2B
_RCIE                          (abs)        007CED
_RD7                           (abs)        007C1F
_RSEN                          (abs)        007E29
_SEN                           (abs)        007E28
_SMP                           (abs)        007E3F
_SPBRG                         (abs)        000FAF
_SPEN                          (abs)        007D5F
_SSPADD                        (abs)        000FC8
_SSPBUF                        (abs)        000FC9
_SSPCON1                       (abs)        000FC6
_SSPIF                         (abs)        007CF3
_T08BIT                        (abs)        007EAE
_T0CS                          (abs)        007EAD
_TMR0                          (abs)        000FD6
_TMR0IE                        (abs)        007F95
_TMR0IF                        (abs)        007F92
_TMR0ON                        (abs)        007EAF
_TRISB                         (abs)        000F93
_TRISC                         (abs)        000F94
_TRISC3                        (abs)        007CA3
_TRISC4                        (abs)        007CA4
_TRISC6                        (abs)        007CA6
_TRISC7                        (abs)        007CA7
_TRISD                         (abs)        000F95
_TRISD7                        (abs)        007CAF
_TXIF                          (abs)        007CF4
_TXREG                         (abs)        000FAD
_VCFG0                         (abs)        007E0C
_VCFG1                         (abs)        007E0D
__HRAM                         (abs)        000000
__H__absolute__                __absolute__ 000000
__Habs1                        abs1         000000
__Hbank0                       bank0        000000
__Hbank1                       bank1        000000
__Hbank2                       bank2        000000
__Hbank3                       bank3        000000
__Hbank4                       bank4        000000
__Hbank5                       bank5        000000
__Hbigbss                      bigbss       000000
__Hbigdata                     bigdata      000000
__Hbigram                      bigram       000000
__Hbigsfr                      bigsfr       000000
__Hbss                         bss          000000
__HbssBANK0                    bssBANK0     000000
__HbssBANK1                    bssBANK1     000000
__HbssCOMRAM                   bssCOMRAM    000000
__Hcinit                       cinit        000000
__Hclrtext                     clrtext      000000
__Hcomram                      comram       000000
__Hconfig                      config       30000E
__Hconst                       const        000000
__HcstackBANK1                 cstackBANK1  000000
__HcstackCOMRAM                cstackCOMRAM 000000
__Hdata                        data         000000
__HdataBANK0                   dataBANK0    000000
__HdataCOMRAM                  dataCOMRAM   000000
__Heeprom_data                 eeprom_data  000000
__Hfarbss                      farbss       000000
__Hfardata                     fardata      000000
__Hheap                        heap         000000
__Hibigdata                    ibigdata     000000
__Hidata                       idata        000000
__HidataBANK0                  idataBANK0   000000
__HidataCOMRAM                 idataCOMRAM  000000
__Hidloc                       idloc        200008
__Hifardata                    ifardata     000000
__Hinit                        init         000012
__Hintcode                     intcode      00000E
__Hintcode_body                intcode_body 000000
__Hintcodelo                   intcodelo    00000E
__Hintentry                    intentry     000000
__Hintret                      intret       000000
__Hintsave_regs                intsave_regs 000000
__Hirdata                      irdata       000000
__Hmediumconst                 mediumconst  003000
__HnvFARRAM                    nvFARRAM     000000
__Hnvbit                       nvbit        000000
__Hnvrram                      nvrram       000000
__Hparam                       rparam       000000
__Hpowerup                     powerup      00000E
__Hram                         ram          000000
__Hramtop                      ramtop       000600
__Hrbit                        rbit         000000
__Hrbss                        rbss         000000
__Hrdata                       rdata        000000
__Hreset_vec                   reset_vec    000004
__Hrparam                      rparam       000000
__Hsfr                         sfr          000000
__Hsivt_hi                     sivt_hi      000000
__Hsivt_lo                     sivt_lo      000000
__Hsmallconst                  smallconst   000000
__Hspace_0                     (abs)        003000
__Hspace_1                     (abs)        0001B9
__Hspace_2                     (abs)        000000
__Hspace_4                     (abs)        60000E
__Hstack                       stack        000000
__Hstruct                      struct       000000
__Htemp                        temp         00005F
__Htext                        text         000000
__Htext0                       text0        000000
__Htext1                       text1        000000
__Htext10                      text10       000000
__Htext11                      text11       000000
__Htext12                      text12       000000
__Htext13                      text13       000000
__Htext14                      text14       000000
__Htext15                      text15       000000
__Htext16                      text16       000000
__Htext17                      text17       000000
__Htext18                      text18       000000
__Htext19                      text19       000000
__Htext2                       text2        000000
__Htext20                      text20       000000
__Htext21                      text21       000000
__Htext22                      text22       000000
__Htext23                      text23       000000
__Htext24                      text24       000000
__Htext25                      text25       000000
__Htext26                      text26       000000
__Htext27                      text27       000000
__Htext28                      text28       000000
__Htext29                      text29       000000
__Htext3                       text3        000000
__Htext30                      text30       000000
__Htext31                      text31       000000
__Htext32                      text32       000000
__Htext33                      text33       000000
__Htext34                      text34       000000
__Htext35                      text35       000000
__Htext36                      text36       000000
__Htext37                      text37       000000
__Htext38                      text38       000000
__Htext39                      text39       000000
__Htext4                       text4        000000
__Htext40                      text40       000000
__Htext41                      text41       000000
__Htext42                      text42       000000
__Htext43                      text43       000000
__Htext44                      text44       000000
__Htext45                      text45       000000
__Htext46                      text46       000000
__Htext47                      text47       000000
__Htext5                       text5        000000
__Htext6                       text6        000000
__Htext7                       text7        000000
__Htext8                       text8        000000
__Htext9                       text9        000000
__LRAM                         (abs)        000001
__L__absolute__                __absolute__ 000000
__Labs1                        abs1         000000
__Lbank0                       bank0        000000
__Lbank1                       bank1        000000
__Lbank2                       bank2        000000
__Lbank3                       bank3        000000
__Lbank4                       bank4        000000
__Lbank5                       bank5        000000
__Lbigbss                      bigbss       000000
__Lbigdata                     bigdata      000000
__Lbigram                      bigram       000000
__Lbigsfr                      bigsfr       000000
__Lbss                         bss          000000
__LbssBANK0                    bssBANK0     000000
__LbssBANK1                    bssBANK1     000000
__LbssCOMRAM                   bssCOMRAM    000000
__Lcinit                       cinit        000000
__Lclrtext                     clrtext      000000
__Lcomram                      comram       000000
__Lconfig                      config       000000
__Lconst                       const        000000
__LcstackBANK1                 cstackBANK1  000000
__LcstackCOMRAM                cstackCOMRAM 000000
__Ldata                        data         000000
__LdataBANK0                   dataBANK0    000000
__LdataCOMRAM                  dataCOMRAM   000000
__Leeprom_data                 eeprom_data  000000
__Lfarbss                      farbss       000000
__Lfardata                     fardata      000000
__Lheap                        heap         000000
__Libigdata                    ibigdata     000000
__Lidata                       idata        000000
__LidataBANK0                  idataBANK0   000000
__LidataCOMRAM                 idataCOMRAM  000000
__Lidloc                       idloc        000000
__Lifardata                    ifardata     000000
__Linit                        init         00000E
__Lintcode                     intcode      000008
__Lintcode_body                intcode_body 000000
__Lintcodelo                   intcodelo    00000E
__Lintentry                    intentry     000000
__Lintret                      intret       000000
__Lintsave_regs                intsave_regs 000000
__Lirdata                      irdata       000000
__Lmediumconst                 mediumconst  002EC4
__LnvFARRAM                    nvFARRAM     000000
__Lnvbit                       nvbit        000000
__Lnvrram                      nvrram       000000
__Lparam                       rparam       000000
__Lpowerup                     powerup      00000E
__Lram                         ram          000000
__Lramtop                      ramtop       000600
__Lrbit                        rbit         000000
__Lrbss                        rbss         000000
__Lrdata                       rdata        000000
__Lreset_vec                   reset_vec    000000
__Lrparam                      rparam       000000
__Lsfr                         sfr          000000
__Lsivt_hi                     sivt_hi      000000
__Lsivt_lo                     sivt_lo      000000
__Lsmallconst                  smallconst   000000
__Lspace_0                     (abs)        000000
__Lspace_1                     (abs)        000000
__Lspace_2                     (abs)        000000
__Lspace_4                     (abs)        000000
__Lstack                       stack        000000
__Lstruct                      struct       000000
__Ltemp                        temp         00005E
__Ltext                        text         000000
__Ltext0                       text0        000000
__Ltext1                       text1        000000
__Ltext10                      text10       000000
__Ltext11                      text11       000000
__Ltext12                      text12       000000
__Ltext13                      text13       000000
__Ltext14                      text14       000000
__Ltext15                      text15       000000
__Ltext16                      text16       000000
__Ltext17                      text17       000000
__Ltext18                      text18       000000
__Ltext19                      text19       000000
__Ltext2                       text2        000000
__Ltext20                      text20       000000
__Ltext21                      text21       000000
__Ltext22                      text22       000000
__Ltext23                      text23       000000
__Ltext24                      text24       000000
__Ltext25                      text25       000000
__Ltext26                      text26       000000
__Ltext27                      text27       000000
__Ltext28                      text28       000000
__Ltext29                      text29       000000
__Ltext3                       text3        000000
__Ltext30                      text30       000000
__Ltext31                      text31       000000
__Ltext32                      text32       000000
__Ltext33                      text33       000000
__Ltext34                      text34       000000
__Ltext35                      text35       000000
__Ltext36                      text36       000000
__Ltext37                      text37       000000
__Ltext38                      text38       000000
__Ltext39                      text39       000000
__Ltext4                       text4        000000
__Ltext40                      text40       000000
__Ltext41                      text41       000000
__Ltext42                      text42       000000
__Ltext43                      text43       000000
__Ltext44                      text44       000000
__Ltext45                      text45       000000
__Ltext46                      text46       000000
__Ltext47                      text47       000000
__Ltext5                       text5        000000
__Ltext6                       text6        000000
__Ltext7                       text7        000000
__Ltext8                       text8        000000
__Ltext9                       text9        000000
__S0                           (abs)        003000
__S1                           (abs)        0001B9
__S4                           (abs)        000000
__S5                           (abs)        000000
___awdiv                       text26       001EB4
___awdiv@counter               cstackCOMRAM 000036
___awdiv@dividend              cstackCOMRAM 000032
___awdiv@divisor               cstackCOMRAM 000034
___awdiv@quotient              cstackCOMRAM 000038
___awdiv@sign                  cstackCOMRAM 000037
___awmod                       text25       001F78
___awmod@counter               cstackCOMRAM 00003E
___awmod@dividend              cstackCOMRAM 00003A
___awmod@divisor               cstackCOMRAM 00003C
___awmod@sign                  cstackCOMRAM 00003F
___heap_hi                     (abs)        000000
___heap_lo                     (abs)        000000
___inthi_sp                    stack        000000
___inthi_stack_hi              stack        000000
___inthi_stack_lo              stack        000000
___intlo_sp                    stack        000000
___intlo_stack_hi              stack        000000
___intlo_stack_lo              stack        000000
___lwdiv                       text35       002154
___lwdiv@counter               cstackCOMRAM 00003E
___lwdiv@dividend              cstackCOMRAM 000038
___lwdiv@divisor               cstackCOMRAM 00003A
___lwdiv@quotient              cstackCOMRAM 00003C
___lwmod                       text34       002318
___lwmod@counter               cstackCOMRAM 000036
___lwmod@dividend              cstackCOMRAM 000032
___lwmod@divisor               cstackCOMRAM 000034
___param_bank                  (abs)        000000
___rparam_used                 (abs)        000001
___sp                          stack        000000
___stack_hi                    stack        000000
___stack_lo                    stack        000000
___wmul                        text22       002722
___wmul@multiplicand           cstackCOMRAM 000034
___wmul@multiplier             cstackCOMRAM 000032
___wmul@product                cstackCOMRAM 000036
__accesstop                    (abs)        000060
__activetblptr                 (abs)        000002
__end_of___awdiv               text26       001F78
__end_of___awmod               text25       002028
__end_of___lwdiv               text35       0021C8
__end_of___lwmod               text34       00237C
__end_of___wmul                text22       002748
__end_of__initialization       cinit        00222C
__end_of_change_password       text37       000A36
__end_of_clcd_print            text46       002318
__end_of_clcd_putch            text45       0027B6
__end_of_clcd_write            text47       0026A4
__end_of_clear_log             text36       00248C
__end_of_dash_board            text23       001AAE
__end_of_downlode_log          text16       000E5E
__end_of_fetch_password        text15       0026CE
__end_of_get_time              text28       002154
__end_of_i2c_idle              text42       002806
__end_of_i2c_no_ack            text33       002854
__end_of_i2c_read              text31       002812
__end_of_i2c_rep_start         text30       00282E
__end_of_i2c_rx_mode           text32       002836
__end_of_i2c_start             text41       002846
__end_of_i2c_stop              text40       00283E
__end_of_i2c_write             text39       00281E
__end_of_init_adc              text14       002784
__end_of_init_clcd             text13       0020D0
__end_of_init_config           text7        00251E
__end_of_init_ds1307           text11       002564
__end_of_init_i2c              text10       0027CC
__end_of_init_matrix_keypad    text9        002826
__end_of_init_timer0           text8        00279E
__end_of_init_uart             text21       0027F4
__end_of_isr                   intcode_body 001EB4
__end_of_login_screen          text6        00125E
__end_of_main                  text0        001BBA
__end_of_main_menu             text5        0015BC
__end_of_putch                 text20       0027E2
__end_of_puts                  text19       0023DA
__end_of_read_adc              text27       00262A
__end_of_read_ds1307           text29       0026F8
__end_of_read_external_eeprom  text18       0024D8
__end_of_read_from_EEPROM      text17       0025EA
__end_of_read_switches         text3        0022AC
__end_of_scan_key              text4        001CC0
__end_of_set_time              text2        0005DC
__end_of_store_in_eeprom       text24       001DC2
__end_of_strcmp                text44       002438
__end_of_strcpy                text43       002722
__end_of_view_log              text1        001854
__end_of_write_ds1307          text12       002766
__end_of_write_external_eeprom text38       00266A
__initialization               cinit        0021C8
__mediumconst                  mediumconst  002EC4
__pbssBANK0                    bssBANK0     0000A5
__pbssBANK1                    bssBANK1     0001AE
__pbssCOMRAM                   bssCOMRAM    000001
__pcinit                       cinit        0021C8
__pcstackBANK1                 cstackBANK1  000100
__pcstackCOMRAM                cstackCOMRAM 000032
__pdataBANK0                   dataBANK0    000060
__pdataCOMRAM                  dataCOMRAM   000057
__pidataBANK0                  idataBANK0   002564
__pidataCOMRAM                 idataCOMRAM  002846
__pintcode                     intcode      000008
__pintcode_body                intcode_body 001DC2
__pmediumconst                 mediumconst  002EC4
__ptext0                       text0        001AAE
__ptext1                       text1        0015BC
__ptext10                      text10       0027B6
__ptext11                      text11       00251E
__ptext12                      text12       002748
__ptext13                      text13       002028
__ptext14                      text14       002766
__ptext15                      text15       0026A4
__ptext16                      text16       000A36
__ptext17                      text17       0025AA
__ptext18                      text18       00248C
__ptext19                      text19       00237C
__ptext2                       text2        000012
__ptext20                      text20       0027CC
__ptext21                      text21       0027E2
__ptext22                      text22       002722
__ptext23                      text23       001854
__ptext24                      text24       001CC0
__ptext25                      text25       001F78
__ptext26                      text26       001EB4
__ptext27                      text27       0025EA
__ptext28                      text28       0020D0
__ptext29                      text29       0026CE
__ptext3                       text3        00223A
__ptext30                      text30       002826
__ptext31                      text31       002806
__ptext32                      text32       00282E
__ptext33                      text33       00284E
__ptext34                      text34       002318
__ptext35                      text35       002154
__ptext36                      text36       002438
__ptext37                      text37       0005DC
__ptext38                      text38       00262A
__ptext39                      text39       002812
__ptext4                       text4        001BBA
__ptext40                      text40       002836
__ptext41                      text41       00283E
__ptext42                      text42       0027F4
__ptext43                      text43       0026F8
__ptext44                      text44       0023DA
__ptext45                      text45       00279E
__ptext46                      text46       0022AC
__ptext47                      text47       00266A
__ptext5                       text5        00125E
__ptext6                       text6        000E5E
__ptext7                       text7        0024D8
__ptext8                       text8        002784
__ptext9                       text9        00281E
__ramtop                       ramtop       000600
__smallconst                   smallconst   000000
_at_fail                       dataCOMRAM   000059
_blink                         bssCOMRAM    00002A
_change_password               text37       0005DC
_clcd_print                    text46       0022AC
_clcd_putch                    text45       00279E
_clcd_write                    text47       00266A
_clear_log                     text36       002438
_clock_reg                     bssCOMRAM    000005
_dash_board                    text23       001854
_dashboard                     dataBANK0    000082
_data                          bssBANK1     0001AE
_downlode_log                  text16       000A36
_event                         dataBANK0    000060
_event_count                   dataCOMRAM   00005B
_fetch_password                text15       0026A4
_get_time                      text28       0020D0
_hr                            bssCOMRAM    00002C
_i                             bssCOMRAM    000024
_i2c_idle                      text42       0027F4
_i2c_no_ack                    text33       00284E
_i2c_read                      text31       002806
_i2c_rep_start                 text30       002826
_i2c_rx_mode                   text32       00282E
_i2c_start                     text41       00283E
_i2c_stop                      text40       002836
_i2c_write                     text39       002812
_init_adc                      text14       002766
_init_clcd                     text13       002028
_init_config                   text7        0024D8
_init_ds1307                   text11       00251E
_init_i2c                      text10       0027B6
_init_matrix_keypad            text9        00281E
_init_timer0                   text8        002784
_init_uart                     text21       0027E2
_isr                           intcode      000008
_key                           bssCOMRAM    000028
_login_screen                  text6        000E5E
_main                          text0        001AAE
_main_flag                     bssCOMRAM    000026
_main_menu                     text5        00125E
_menu                          dataBANK0    000072
_min                           bssCOMRAM    00002E
_once                          dataCOMRAM   00005D
_orig_pass                     dataBANK0    00009B
_putch                         text20       0027CC
_puts                          text19       00237C
_read_adc                      text27       0025EA
_read_ds1307                   text29       0026CE
_read_external_eeprom          text18       00248C
_read_from_EEPROM              text17       0025AA
_read_switches                 text3        00223A
_scan_key                      text4        001BBA
_sec                           bssCOMRAM    000030
_set_time                      text2        000012
_store_in_eeprom               text24       001CC0
_strcmp                        text44       0023DA
_strcpy                        text43       0026F8
_time                          dataBANK0    000092
_usr_pass                      dataBANK0    0000A0
_view_log                      text1        0015BC
_write_ds1307                  text12       002748
_write_external_eeprom         text38       00262A
btemp                          temp         00005E
change_password@confirm_pass   bssBANK0     0000CE
change_password@cs_f           bssBANK0     0000CA
change_password@delay1         bssBANK0     0000C0
change_password@delay2         bssBANK0     0000BC
change_password@pass_count     bssCOMRAM    000016
change_password@pass_count2    bssCOMRAM    000014
change_password@read_pass      bssBANK0     0000D3
clcd_print@addr                cstackCOMRAM 000036
clcd_print@data                cstackCOMRAM 000034
clcd_putch@addr                cstackCOMRAM 000040
clcd_putch@data                cstackCOMRAM 000041
clcd_write@byte                cstackCOMRAM 000033
clcd_write@control_bit         cstackCOMRAM 000032
dash_board@f                   dataBANK0    00007E
dash_board@i                   cstackCOMRAM 000051
dash_board@speed               cstackCOMRAM 000053
downlode_log@downlode_events   cstackBANK1  000100
downlode_log@i                 cstackBANK1  0001AC
downlode_log@k                 cstackBANK1  0001AA
end_of_initialization          cinit        00222C
i2c_write@data                 cstackCOMRAM 000032
init_ds1307@dummy              cstackCOMRAM 000035
int$flags                      temp         00005E
int_func                       intcode_body 001DC2
intlevel0                      text         000000
intlevel1                      text         000000
intlevel2                      text         000000
intlevel3                      text         000000
isa$std                        (abs)        000001
isa$xinst                      (abs)        000000
isr@count                      bssBANK0     0000B8
isr@count2                     bssBANK0     0000B4
isr@count3                     bssBANK0     0000B0
login_screen@U_S               bssCOMRAM    000020
login_screen@attempt           dataCOMRAM   000057
login_screen@pass_complet      bssBANK0     0000CC
login_screen@pass_count        bssCOMRAM    00001E
main_menu@count                bssCOMRAM    00001A
main_menu@delay1               bssCOMRAM    000001
main_menu@delay2               bssBANK0     0000C4
main_menu@flag                 bssCOMRAM    000018
main_menu@j                    bssCOMRAM    00001C
putch@byte                     cstackCOMRAM 000032
puts@s                         cstackCOMRAM 000038
read_adc@channel               cstackCOMRAM 000037
read_ds1307@address            cstackCOMRAM 000033
read_ds1307@data               cstackCOMRAM 000034
read_external_eeprom@address   cstackCOMRAM 000035
read_external_eeprom@data      cstackCOMRAM 000036
read_external_eeprom@i         cstackCOMRAM 000033
read_from_EEPROM@i             cstackCOMRAM 00003A
read_from_EEPROM@j             cstackCOMRAM 000038
read_switches@detection        cstackCOMRAM 000032
read_switches@key              cstackCOMRAM 000033
set_time@delay1                bssCOMRAM    000010
set_time@delay2                bssCOMRAM    00000E
set_time@feild_change          bssCOMRAM    000012
set_time@flag                  bssBANK0     0000C8
stackhi                        (abs)        000000
stacklo                        (abs)        000000
start                          init         00000E
start_initialization           cinit        0021C8
store_in_eeprom@data           cstackCOMRAM 000044
store_in_eeprom@i              cstackCOMRAM 00004F
store_in_eeprom@j              bssCOMRAM    000022
store_in_eeprom@speed          cstackCOMRAM 000040
strcmp@l                       cstackCOMRAM 000032
strcmp@r                       cstackCOMRAM 000033
strcpy@d                       cstackCOMRAM 000034
strcpy@dest                    cstackCOMRAM 000032
strcpy@src                     cstackCOMRAM 000033
ttemp5                         temp         00005F
ttemp6                         temp         000062
ttemp7                         temp         000066
view_log@delay1                bssCOMRAM    00000C
view_log@delay2                bssCOMRAM    00000A
view_log@flag                  dataBANK0    00007C
view_log@index                 bssCOMRAM    000008
view_log@log_event             cstackCOMRAM 00003E
write_ds1307@address           cstackCOMRAM 000034
write_ds1307@data              cstackCOMRAM 000033
write_external_eeprom@address  cstackCOMRAM 000036
write_external_eeprom@data     cstackCOMRAM 000033
write_external_eeprom@i        cstackCOMRAM 000034
wtemp8                         temp         00005F


MODULE INFORMATION

Module		Function		Class		Link	Load	Size
i2c_p.c
		_i2c_start     		CODE           	283E	0000	8
		_i2c_no_ack    		CODE           	284E	0000	6
		_i2c_rep_start 		CODE           	2826	0000	8
		_i2c_idle      		CODE           	27F4	0000	18
		_i2c_write     		CODE           	2812	0000	12
		_i2c_stop      		CODE           	2836	0000	8
		_i2c_read      		CODE           	2806	0000	12
		_init_i2c      		CODE           	27B6	0000	22
		_i2c_rx_mode   		CODE           	282E	0000	8

i2c_p.c estimated size: 102

C:\Program Files\Microchip\xc8\v2.46\pic\sources\c99\common\lwdiv.c
		___lwdiv       		CODE           	2154	0000	116

C:\Program Files\Microchip\xc8\v2.46\pic\sources\c99\common\lwdiv.c estimated size: 116

C:\Program Files\Microchip\xc8\v2.46\pic\sources\c99\common\awdiv.c
		___awdiv       		CODE           	1EB4	0000	196

C:\Program Files\Microchip\xc8\v2.46\pic\sources\c99\common\awdiv.c estimated size: 196

ds1307_p.c
		_read_ds1307   		CODE           	26CE	0000	42
		_write_ds1307  		CODE           	2748	0000	30
		_init_ds1307   		CODE           	251E	0000	70

ds1307_p.c estimated size: 142

C:\Program Files\Microchip\xc8\v2.46\pic\sources\c99\common\strcmp.c
		_strcmp        		CODE           	23DA	0000	94

C:\Program Files\Microchip\xc8\v2.46\pic\sources\c99\common\strcmp.c estimated size: 94

C:\Program Files\Microchip\xc8\v2.46\pic\sources\c99\common\strcpy.c
		_strcpy        		CODE           	26F8	0000	42

C:\Program Files\Microchip\xc8\v2.46\pic\sources\c99\common\strcpy.c estimated size: 42

external_EEPROM_P.c
		_write_external_eeprom		CODE           	262A	0000	64
		_read_external_eeprom		CODE           	248C	0000	76

external_EEPROM_P.c estimated size: 140

adc_p.c
		_init_adc      		CODE           	2766	0000	30
		_read_adc      		CODE           	25EA	0000	64

adc_p.c estimated size: 94

shared
		__initialization		CODE           	21C8	0000	100

shared estimated size: 100

UART_P.c
		_putch         		CODE           	27CC	0000	22
		_init_uart     		CODE           	27E2	0000	18
		_puts          		CODE           	237C	0000	94

UART_P.c estimated size: 134

C:\Program Files\Microchip\xc8\v2.46\pic\sources\c99\common\Umul16.c
		___wmul        		CODE           	2722	0000	38

C:\Program Files\Microchip\xc8\v2.46\pic\sources\c99\common\Umul16.c estimated size: 38

black_box.c
		_view_log      		CODE           	15BC	0000	664
		_store_in_eeprom		CODE           	1CC0	0000	258
		_change_password		CODE           	05DC	0000	1114
		_dash_board    		CODE           	1854	0000	602
		_get_time      		CODE           	20D0	0000	132
		_main_menu     		CODE           	125E	0000	862
		_set_time      		CODE           	0012	0000	1482
		_downlode_log  		CODE           	0A36	0000	1064
		_clear_log     		CODE           	2438	0000	84
		_fetch_password		CODE           	26A4	0000	42
		_login_screen  		CODE           	0E5E	0000	1024
		_read_from_EEPROM		CODE           	25AA	0000	64

black_box.c estimated size: 7392

isr_timer_p.c
		_isr           		CODE           	0008	0000	248

isr_timer_p.c estimated size: 248

timer0_p.c
		_init_timer0   		CODE           	2784	0000	26

timer0_p.c estimated size: 26

MAIN.c
		_main          		CODE           	1AAE	0000	268
		_init_config   		CODE           	24D8	0000	70

MAIN.c estimated size: 338

C:\Program Files\Microchip\xc8\v2.46\pic\sources\c99\common\lwmod.c
		___lwmod       		CODE           	2318	0000	100

C:\Program Files\Microchip\xc8\v2.46\pic\sources\c99\common\lwmod.c estimated size: 100

C:\Program Files\Microchip\xc8\v2.46\pic\sources\c99\common\awmod.c
		___awmod       		CODE           	1F78	0000	176

C:\Program Files\Microchip\xc8\v2.46\pic\sources\c99\common\awmod.c estimated size: 176

CLCD_P.c
		_clcd_write    		CODE           	266A	0000	58
		_clcd_print    		CODE           	22AC	0000	108
		_clcd_putch    		CODE           	279E	0000	24
		_init_clcd     		CODE           	2028	0000	168

CLCD_P.c estimated size: 358

marix_keypad_p.c
		_init_matrix_keypad		CODE           	281E	0000	8
		_read_switches 		CODE           	223A	0000	114
		_scan_key      		CODE           	1BBA	0000	262

marix_keypad_p.c estimated size: 384

